// Jest Snapshot v1, https://goo.gl/fbAQLP

exports[`UserSettings component renders UserSettings when logged in 1`] = `
Array [
  <View
    onLayout={[Function]}
    pointerEvents="box-none"
    style={
      Array [
        Object {
          "bottom": 0,
          "left": 0,
          "position": "absolute",
          "right": 0,
          "top": 0,
        },
        Object {
          "bottom": 0,
          "overflow": "hidden",
          "top": 0,
        },
      ]
    }
  />,
  <BVLinearGradient
    colors={
      Array [
        4294967295,
        4294506484,
      ]
    }
    endPoint={
      Object {
        "x": 0.5,
        "y": 1,
      }
    }
    locations={null}
    startPoint={
      Object {
        "x": 0.5,
        "y": 0,
      }
    }
    style={
      Object {
        "flex": 1,
        "height": "100%",
      }
    }
  >
    <RCTScrollView>
      <View>
        <View
          style={
            Object {
              "backgroundColor": "#FFFFFF",
              "borderBottomWidth": 0.5,
              "borderColor": "rgba(0, 0, 0, 0.09999999999999998)",
              "borderLeftWidth": 0,
              "borderRightWidth": 0,
              "borderTopWidth": 0.5,
              "marginBottom": 16,
            }
          }
        >
          <View
            accessible={true}
            collapsable={false}
            focusable={true}
            onClick={[Function]}
            onResponderGrant={[Function]}
            onResponderMove={[Function]}
            onResponderRelease={[Function]}
            onResponderTerminate={[Function]}
            onResponderTerminationRequest={[Function]}
            onStartShouldSetResponder={[Function]}
            style={
              Object {
                "opacity": 1,
              }
            }
          >
            <View
              style={
                Object {
                  "alignItems": "center",
                  "backgroundColor": "#FFFFFF",
                  "flexDirection": "row",
                  "justifyContent": "flex-start",
                  "minHeight": 40,
                  "padding": 8,
                  "paddingLeft": 16,
                }
              }
            >
              <Text
                style={
                  Object {
                    "color": "#303030",
                    "flexGrow": 1,
                    "flexShrink": 1,
                    "fontFamily": "System",
                    "fontSize": 14,
                    "fontStyle": null,
                    "fontWeight": null,
                    "lineHeight": 21,
                    "paddingLeft": 0,
                    "paddingRight": 8,
                  }
                }
              >
                Personal Details
              </Text>
              <RNSVGSvgView
                align="xMidYMid"
                bbHeight={20}
                bbWidth={20}
                focusable={false}
                height={20}
                meetOrSlice={0}
                minX={0}
                minY={0}
                style={
                  Array [
                    Object {
                      "backgroundColor": "transparent",
                      "borderWidth": 0,
                    },
                    undefined,
                    Object {
                      "opacity": 1,
                    },
                    Object {
                      "flex": 0,
                      "height": 20,
                      "width": 20,
                    },
                  ]
                }
                vbHeight={24}
                vbWidth={24}
                width={20}
              >
                <RNSVGGroup
                  fill={
                    Array [
                      0,
                      4278190080,
                    ]
                  }
                  fillOpacity={1}
                  fillRule={1}
                  font={Object {}}
                  matrix={
                    Array [
                      1,
                      0,
                      0,
                      1,
                      0,
                      0,
                    ]
                  }
                  opacity={1}
                  originX={0}
                  originY={0}
                  propList={Array []}
                  rotation={0}
                  scaleX={1}
                  scaleY={1}
                  skewX={0}
                  skewY={0}
                  stroke={null}
                  strokeDasharray={null}
                  strokeDashoffset={null}
                  strokeLinecap={0}
                  strokeLinejoin={0}
                  strokeMiterlimit={4}
                  strokeOpacity={1}
                  strokeWidth={1}
                  vectorEffect={0}
                  x={0}
                  y={0}
                >
                  <RNSVGPath
                    d="M9.65 21L8 20.1l7.72-8.1L8 3.9 9.65 3l8.16 8.54c.27.28.27.64 0 .92L9.67 21z"
                    fill={
                      Array [
                        0,
                        4281348144,
                      ]
                    }
                    fillOpacity={1}
                    fillRule={1}
                    matrix={
                      Array [
                        1,
                        0,
                        0,
                        1,
                        0,
                        0,
                      ]
                    }
                    opacity={1}
                    originX={0}
                    originY={0}
                    propList={
                      Array [
                        "fill",
                      ]
                    }
                    rotation={0}
                    scaleX={1}
                    scaleY={1}
                    skewX={0}
                    skewY={0}
                    stroke={null}
                    strokeDasharray={null}
                    strokeDashoffset={null}
                    strokeLinecap={0}
                    strokeLinejoin={0}
                    strokeMiterlimit={4}
                    strokeOpacity={1}
                    strokeWidth={1}
                    vectorEffect={0}
                    x={0}
                    y={0}
                  />
                </RNSVGGroup>
              </RNSVGSvgView>
            </View>
          </View>
          <View
            style={
              Object {
                "backgroundColor": "rgba(0, 0, 0, 0.09999999999999998)",
                "height": 0.5,
                "marginLeft": 10.666666666666666,
                "width": "100%",
              }
            }
          />
          <View
            accessible={true}
            collapsable={false}
            focusable={true}
            onClick={[Function]}
            onResponderGrant={[Function]}
            onResponderMove={[Function]}
            onResponderRelease={[Function]}
            onResponderTerminate={[Function]}
            onResponderTerminationRequest={[Function]}
            onStartShouldSetResponder={[Function]}
            style={
              Object {
                "opacity": 1,
              }
            }
          >
            <View
              style={
                Object {
                  "alignItems": "center",
                  "backgroundColor": "#FFFFFF",
                  "flexDirection": "row",
                  "justifyContent": "flex-start",
                  "minHeight": 40,
                  "padding": 8,
                  "paddingLeft": 16,
                }
              }
            >
              <Text
                style={
                  Object {
                    "color": "#303030",
                    "flexGrow": 1,
                    "flexShrink": 1,
                    "fontFamily": "System",
                    "fontSize": 14,
                    "fontStyle": null,
                    "fontWeight": null,
                    "lineHeight": 21,
                    "paddingLeft": 0,
                    "paddingRight": 8,
                  }
                }
              >
                Change Password
              </Text>
              <RNSVGSvgView
                align="xMidYMid"
                bbHeight={20}
                bbWidth={20}
                focusable={false}
                height={20}
                meetOrSlice={0}
                minX={0}
                minY={0}
                style={
                  Array [
                    Object {
                      "backgroundColor": "transparent",
                      "borderWidth": 0,
                    },
                    undefined,
                    Object {
                      "opacity": 1,
                    },
                    Object {
                      "flex": 0,
                      "height": 20,
                      "width": 20,
                    },
                  ]
                }
                vbHeight={24}
                vbWidth={24}
                width={20}
              >
                <RNSVGGroup
                  fill={
                    Array [
                      0,
                      4278190080,
                    ]
                  }
                  fillOpacity={1}
                  fillRule={1}
                  font={Object {}}
                  matrix={
                    Array [
                      1,
                      0,
                      0,
                      1,
                      0,
                      0,
                    ]
                  }
                  opacity={1}
                  originX={0}
                  originY={0}
                  propList={Array []}
                  rotation={0}
                  scaleX={1}
                  scaleY={1}
                  skewX={0}
                  skewY={0}
                  stroke={null}
                  strokeDasharray={null}
                  strokeDashoffset={null}
                  strokeLinecap={0}
                  strokeLinejoin={0}
                  strokeMiterlimit={4}
                  strokeOpacity={1}
                  strokeWidth={1}
                  vectorEffect={0}
                  x={0}
                  y={0}
                >
                  <RNSVGPath
                    d="M9.65 21L8 20.1l7.72-8.1L8 3.9 9.65 3l8.16 8.54c.27.28.27.64 0 .92L9.67 21z"
                    fill={
                      Array [
                        0,
                        4281348144,
                      ]
                    }
                    fillOpacity={1}
                    fillRule={1}
                    matrix={
                      Array [
                        1,
                        0,
                        0,
                        1,
                        0,
                        0,
                      ]
                    }
                    opacity={1}
                    originX={0}
                    originY={0}
                    propList={
                      Array [
                        "fill",
                      ]
                    }
                    rotation={0}
                    scaleX={1}
                    scaleY={1}
                    skewX={0}
                    skewY={0}
                    stroke={null}
                    strokeDasharray={null}
                    strokeDashoffset={null}
                    strokeLinecap={0}
                    strokeLinejoin={0}
                    strokeMiterlimit={4}
                    strokeOpacity={1}
                    strokeWidth={1}
                    vectorEffect={0}
                    x={0}
                    y={0}
                  />
                </RNSVGGroup>
              </RNSVGSvgView>
            </View>
          </View>
        </View>
        <View
          style={
            Object {
              "backgroundColor": "#FFFFFF",
              "borderBottomWidth": 0.5,
              "borderColor": "rgba(0, 0, 0, 0.09999999999999998)",
              "borderLeftWidth": 0,
              "borderRightWidth": 0,
              "borderTopWidth": 0.5,
              "marginBottom": 16,
            }
          }
        >
          <View
            accessible={true}
            collapsable={false}
            focusable={true}
            onClick={[Function]}
            onResponderGrant={[Function]}
            onResponderMove={[Function]}
            onResponderRelease={[Function]}
            onResponderTerminate={[Function]}
            onResponderTerminationRequest={[Function]}
            onStartShouldSetResponder={[Function]}
            style={
              Object {
                "opacity": 1,
              }
            }
          >
            <View
              style={
                Object {
                  "alignItems": "center",
                  "backgroundColor": "#FFFFFF",
                  "flexDirection": "row",
                  "justifyContent": "flex-start",
                  "minHeight": 40,
                  "padding": 8,
                  "paddingLeft": 16,
                }
              }
            >
              <Text
                style={
                  Object {
                    "color": "#303030",
                    "flexGrow": 1,
                    "flexShrink": 1,
                    "fontFamily": "System",
                    "fontSize": 14,
                    "fontStyle": null,
                    "fontWeight": null,
                    "lineHeight": 21,
                    "paddingLeft": 0,
                    "paddingRight": 8,
                  }
                }
              >
                Logout
              </Text>
              <RNSVGSvgView
                align="xMidYMid"
                bbHeight={20}
                bbWidth={20}
                focusable={false}
                height={20}
                meetOrSlice={0}
                minX={0}
                minY={0}
                style={
                  Array [
                    Object {
                      "backgroundColor": "transparent",
                      "borderWidth": 0,
                    },
                    undefined,
                    Object {
                      "opacity": 1,
                    },
                    Object {
                      "flex": 0,
                      "height": 20,
                      "width": 20,
                    },
                  ]
                }
                vbHeight={24}
                vbWidth={24}
                width={20}
              >
                <RNSVGGroup
                  fill={
                    Array [
                      0,
                      4278190080,
                    ]
                  }
                  fillOpacity={1}
                  fillRule={1}
                  font={Object {}}
                  matrix={
                    Array [
                      1,
                      0,
                      0,
                      1,
                      0,
                      0,
                    ]
                  }
                  opacity={1}
                  originX={0}
                  originY={0}
                  propList={Array []}
                  rotation={0}
                  scaleX={1}
                  scaleY={1}
                  skewX={0}
                  skewY={0}
                  stroke={null}
                  strokeDasharray={null}
                  strokeDashoffset={null}
                  strokeLinecap={0}
                  strokeLinejoin={0}
                  strokeMiterlimit={4}
                  strokeOpacity={1}
                  strokeWidth={1}
                  vectorEffect={0}
                  x={0}
                  y={0}
                >
                  <RNSVGPath
                    d="M9.65 21L8 20.1l7.72-8.1L8 3.9 9.65 3l8.16 8.54c.27.28.27.64 0 .92L9.67 21z"
                    fill={
                      Array [
                        0,
                        4281348144,
                      ]
                    }
                    fillOpacity={1}
                    fillRule={1}
                    matrix={
                      Array [
                        1,
                        0,
                        0,
                        1,
                        0,
                        0,
                      ]
                    }
                    opacity={1}
                    originX={0}
                    originY={0}
                    propList={
                      Array [
                        "fill",
                      ]
                    }
                    rotation={0}
                    scaleX={1}
                    scaleY={1}
                    skewX={0}
                    skewY={0}
                    stroke={null}
                    strokeDasharray={null}
                    strokeDashoffset={null}
                    strokeLinecap={0}
                    strokeLinejoin={0}
                    strokeMiterlimit={4}
                    strokeOpacity={1}
                    strokeWidth={1}
                    vectorEffect={0}
                    x={0}
                    y={0}
                  />
                </RNSVGGroup>
              </RNSVGSvgView>
            </View>
          </View>
        </View>
        <View
          style={
            Object {
              "backgroundColor": "#FFFFFF",
              "borderBottomWidth": 0.5,
              "borderColor": "rgba(0, 0, 0, 0.09999999999999998)",
              "borderLeftWidth": 0,
              "borderRightWidth": 0,
              "borderTopWidth": 0.5,
              "marginBottom": 16,
            }
          }
        >
          <View
            style={
              Object {
                "alignItems": "center",
                "backgroundColor": "#FFFFFF",
                "flexDirection": "row",
                "justifyContent": "flex-start",
                "minHeight": 40,
                "padding": 8,
                "paddingLeft": 16,
              }
            }
          >
            <Text
              style={
                Object {
                  "color": "#303030",
                  "flexGrow": 1,
                  "flexShrink": 1,
                  "fontFamily": "System",
                  "fontSize": 14,
                  "fontStyle": null,
                  "fontWeight": null,
                  "lineHeight": 21,
                  "paddingLeft": 0,
                  "paddingRight": 8,
                }
              }
            >
              App Version: version-123.0
            </Text>
          </View>
        </View>
      </View>
    </RCTScrollView>
  </BVLinearGradient>,
]
`;
